Drill report for pcb-rails.kicad_pcb
Created on Thu May 11 10:29:33 2023

Copper Layer Stackup:
    =============================================================
    L1 :  F.Cu                      front
    L2 :  B.Cu                      back


Drill file 'pcb-rails.drl' contains
    plated through holes:
    =============================================================
    T1  0.300mm  0.0118"  (106 holes)
    T2  0.400mm  0.0157"  (222 holes)
    T3  0.600mm  0.0236"  (4 holes)  (with 4 slots)

    Total plated holes count 332


Not plated through holes are merged with plated holes
    unplated through holes:
    =============================================================
    T4  0.650mm  0.0256"  (2 holes)
    T5  1.067mm  0.0420"  (3 holes)
    T6  1.750mm  0.0689"  (134 holes)
    T7  2.000mm  0.0787"  (3 holes)
    T8  3.000mm  0.1181"  (134 holes)
    T9  3.048mm  0.1200"  (8 holes)
    T10  3.988mm  0.1570"  (8 holes)
    T11  4.000mm  0.1575"  (67 holes)

    Total unplated holes count 359
